[www.spellingoefenen.nl/games/werkwoorden/index.html]
[backblue.gif]
[fade.gif]
[index.html]
[afbeeldingen.spellingoefenen.nl/spelling_oefenen/werkwoorden/images/favicon.png]
[afbeeldingen.spellingoefenen.nl/spelling_oefenen/global/poster.jpg]
[afbeeldingen.spellingoefenen.nl/spelling_oefenen/werkwoorden/images/bg_excess.jpg]
[js.spellingoefenen.nl/spellingoefenen/games/global/javascript/jquery.min.js]
[js.spellingoefenen.nl/spellingoefenen/games/CurseWords.js]
[js.spellingoefenen.nl/spellingoefenen/games/global/javascript/stats.js]
[js.spellingoefenen.nl/spellingoefenen/games/global/javascript/game_global.js]
[js.spellingoefenen.nl/spellingoefenen/games/werkwoorden/javascript/game.js]
[js.spellingoefenen.nl/spellingoefenen/games/werkwoorden/javascript/game_ani.js]
[js.spellingoefenen.nl/spellingoefenen/games/werkwoorden/javascript/game_init.js]
[www.spellingoefenen.nl/games/global/images/ui/share_facebook.png]
[www.spellingoefenen.nl/games/global/images/ui/share_twitter.png]
[www.spellingoefenen.nl/games/global/images/ui/share_pinterest.png]
[www.spellingoefenen.nl/games/global/images/ui/share_tumblr.png]
[www.spellingoefenen.nl/games/global/images/ui/share_addthis.png]
[afbeeldingen.spellingoefenen.nl/spelling_oefenen/global/ui/scroll_phone.gif]
[afbeeldingen.spellingoefenen.nl/spelling_oefenen/global/ui/scroll_phone_peace.gif]
[www.spellingoefenen.nl/games/werkwoorden/index.html]
[afbeeldingen.spellingoefenen.nl/spelling_oefenen/global/highscore/popup_darkening.png]
[afbeeldingen.spellingoefenen.nl/spelling_oefenen/global/highscore/popup_bg.png]
[afbeeldingen.spellingoefenen.nl/spelling_oefenen/global/wl/wl_groep_button.png]
[afbeeldingen.spellingoefenen.nl/spelling_oefenen/global/wl/wl_groep_button_selected.png]
[afbeeldingen.spellingoefenen.nl/spelling_oefenen/global/wl/wl_button.png]
[afbeeldingen.spellingoefenen.nl/spelling_oefenen/global/wl/wl_button_selected.png]
[afbeeldingen.spellingoefenen.nl/spelling_oefenen/global/highscore/bg_popup.png]
[afbeeldingen.spellingoefenen.nl/spelling_oefenen/global/highscore/rotate_phone.gif]
[afbeeldingen.spellingoefenen.nl/spelling_oefenen/global/highscore/bg_rotate_phone.png]
[afbeeldingen.spellingoefenen.nl/spelling_oefenen/global/highscore/fullscreen_phone.gif]
[js.spellingoefenen.nl/spellingoefenen/games/styles/highscores.css]
[afbeeldingen.spellingoefenen.nl/spelling_oefenen/global/ui/gamedesign.png]
[afbeeldingen.spellingoefenen.nl/spelling_oefenen/global/ui/bg_dark.png]
[afbeeldingen.spellingoefenen.nl/spelling_oefenen/global/bg_popup.png]
[afbeeldingen.spellingoefenen.nl/spelling_oefenen/global/bg_popup_portrait.png]
[js.spellingoefenen.nl/spellingoefenen/games/global/styles/game.css]
[afbeeldingen.spellingoefenen.nl/spelling_oefenen/global/wl/wl_start_button.gif]
[js.spellingoefenen.nl/spellingoefenen/games/styles/wl.css]
